buntu@ip-172-31-94-40:~$ nslookup guvi.in
Server:         127.0.0.53
Address:        127.0.0.53#53

Non-authoritative answer:
Name:   guvi.in
Address: 104.26.4.88
Name:   guvi.in
Address: 104.26.5.88
Name:   guvi.in
Address: 172.67.70.207
Name:   guvi.in
Address: 2606:4700:20::ac43:46cf
Name:   guvi.in
Address: 2606:4700:20::681a:458
Name:   guvi.in
Address: 2606:4700:20::681a:558

ubuntu@ip-172-31-94-40:~$ ping guvi.in
PING guvi.in (104.26.5.88) 56(84) bytes of data.
64 bytes from 104.26.5.88 (104.26.5.88): icmp_seq=1 ttl=52 time=1.03 ms
64 bytes from 104.26.5.88 (104.26.5.88): icmp_seq=2 ttl=52 time=1.06 ms
64 bytes from 104.26.5.88 (104.26.5.88): icmp_seq=3 ttl=52 time=0.983 ms
64 bytes from 104.26.5.88 (104.26.5.88): icmp_seq=4 ttl=52 time=0.992 ms
64 bytes from 104.26.5.88 (104.26.5.88): icmp_seq=5 ttl=52 time=1.10 ms
64 bytes from 104.26.5.88 (104.26.5.88): icmp_seq=6 ttl=52 time=0.950 ms
64 bytes from 104.26.5.88 (104.26.5.88): icmp_seq=7 ttl=52 time=1.13 ms
64 bytes from 104.26.5.88 (104.26.5.88): icmp_seq=8 ttl=52 time=1.09 ms
64 bytes from 104.26.5.88 (104.26.5.88): icmp_seq=9 ttl=52 time=0.980 ms
64 bytes from 104.26.5.88 (104.26.5.88): icmp_seq=10 ttl=52 time=1.09 ms
64 bytes from 104.26.5.88 (104.26.5.88): icmp_seq=11 ttl=52 time=1.11 ms
64 bytes from 104.26.5.88 (104.26.5.88): icmp_seq=12 ttl=52 time=0.967 ms
64 bytes from 104.26.5.88 (104.26.5.88): icmp_seq=13 ttl=52 time=1.04 ms
64 bytes from 104.26.5.88 (104.26.5.88): icmp_seq=14 ttl=52 time=1.10 ms
64 bytes from 104.26.5.88 (104.26.5.88): icmp_seq=15 ttl=52 time=1.09 ms
64 bytes from 104.26.5.88 (104.26.5.88): icmp_seq=16 ttl=52 time=1.07 ms
64 bytes from 104.26.5.88 (104.26.5.88): icmp_seq=17 ttl=52 time=1.04 ms
64 bytes from 104.26.5.88 (104.26.5.88): icmp_seq=18 ttl=52 time=0.951 ms
64 bytes from 104.26.5.88 (104.26.5.88): icmp_seq=19 ttl=52 time=1.05 ms
64 bytes from 104.26.5.88 (104.26.5.88): icmp_seq=20 ttl=52 time=0.971 ms
64 bytes from 104.26.5.88 (104.26.5.88): icmp_seq=21 ttl=52 time=1.02 ms
64 bytes from 104.26.5.88 (104.26.5.88): icmp_seq=22 ttl=52 time=0.975 ms
64 bytes from 104.26.5.88 (104.26.5.88): icmp_seq=23 ttl=52 time=1.00 ms
64 bytes from 104.26.5.88 (104.26.5.88): icmp_seq=24 ttl=52 time=1.28 ms
64 bytes from 104.26.5.88 (104.26.5.88): icmp_seq=25 ttl=52 time=1.03 ms
64 bytes from 104.26.5.88 (104.26.5.88): icmp_seq=26 ttl=52 time=0.968 ms
64 bytes from 104.26.5.88 (104.26.5.88): icmp_seq=27 ttl=52 time=1.08 ms
64 bytes from 104.26.5.88 (104.26.5.88): icmp_seq=28 ttl=52 time=1.02 ms
64 bytes from 104.26.5.88 (104.26.5.88): icmp_seq=29 ttl=52 time=1.03 ms
64 bytes from 104.26.5.88 (104.26.5.88): icmp_seq=30 ttl=52 time=1.03 ms
64 bytes from 104.26.5.88 (104.26.5.88): icmp_seq=31 ttl=52 time=1.01 ms
64 bytes from 104.26.5.88 (104.26.5.88): icmp_seq=32 ttl=52 time=1.12 ms
64 bytes from 104.26.5.88 (104.26.5.88): icmp_seq=33 ttl=52 time=1.08 ms
64 bytes from 104.26.5.88 (104.26.5.88): icmp_seq=34 ttl=52 time=1.01 ms
64 bytes from 104.26.5.88 (104.26.5.88): icmp_seq=35 ttl=52 time=1.55 ms
64 bytes from 104.26.5.88 (104.26.5.88): icmp_seq=36 ttl=52 time=1.06 ms
64 bytes from 104.26.5.88 (104.26.5.88): icmp_seq=37 ttl=52 time=1.06 ms
64 bytes from 104.26.5.88 (104.26.5.88): icmp_seq=38 ttl=52 time=1.08 ms
64 bytes from 104.26.5.88 (104.26.5.88): icmp_seq=39 ttl=52 time=0.998 ms
64 bytes from 104.26.5.88 (104.26.5.88): icmp_seq=40 ttl=52 time=1.11 ms
64 bytes from 104.26.5.88 (104.26.5.88): icmp_seq=41 ttl=52 time=1.03 ms
64 bytes from 104.26.5.88 (104.26.5.88): icmp_seq=42 ttl=52 time=0.991 ms
64 bytes from 104.26.5.88 (104.26.5.88): icmp_seq=43 ttl=52 time=0.985 ms
top - 15:08:40 up 2 min,  1 user,  load average: 0.23, 0.23, 0.09
Tasks:  99 total,   1 running,  98 sleeping,   0 stopped,   0 zombie
%Cpu(s):  0.0 us,  0.0 sy,  0.0 ni,100.0 id,  0.0 wa,  0.0 hi,  0.0 si,  0.0 st
MiB Mem :    965.7 total,    368.5 free,    211.5 used,    385.8 buff/cache
MiB Swap:      0.0 total,      0.0 free,      0.0 used.    608.9 avail Mem 

    PID USER      PR  NI    VIRT    RES    SHR S  %CPU  %MEM     TIME+ COMMAND                                                                                                                
      1 root      20   0  101916  12832   8360 S   0.0   1.3   0:04.05 systemd                                                                                                                
      2 root      20   0       0      0      0 S   0.0   0.0   0:00.00 kthreadd                                                                                                               
      3 root       0 -20       0      0      0 I   0.0   0.0   0:00.00 rcu_gp                                                                                                                 
      4 root       0 -20       0      0      0 I   0.0   0.0   0:00.00 rcu_par_gp                                                                                                             
      5 root       0 -20       0      0      0 I   0.0   0.0   0:00.00 slub_flushwq                                                                                                           
      6 root       0 -20       0      0      0 I   0.0   0.0   0:00.00 netns                                                                                                                  
      7 root      20   0       0      0      0 I   0.0   0.0   0:00.00 kworker/0:0-cgroup_destroy                                                                                             
      8 root       0 -20       0      0      0 I   0.0   0.0   0:00.00 kworker/0:0H-events_highpri                                                                                            
      9 root      20   0       0      0      0 I   0.0   0.0   0:00.06 kworker/u30:0-events_unbound                                                                                           
     10 root       0 -20       0      0      0 I   0.0   0.0   0:00.00 mm_percpu_wq                                                                                                           
     11 root      20   0       0      0      0 I   0.0   0.0   0:00.00 rcu_tasks_rude_kthread                                                                                                 
     12 root      20   0       0      0      0 I   0.0   0.0   0:00.00 rcu_tasks_trace_kthread                                                                                                
     13 root      20   0       0      0      0 S   0.0   0.0   0:00.05 ksoftirqd/0                                                                                                            
     14 root      20   0       0      0      0 I   0.0   0.0   0:00.47 rcu_sched                                                                                                              
     15 root      rt   0       0      0      0 S   0.0   0.0   0:00.00 migration/0                                                                                                            
     16 root     -51   0       0      0      0 S   0.0   0.0   0:00.00 idle_inject/0                                                                                                          
     17 root      20   0       0      0      0 I   0.0   0.0   0:00.08 kworker/0:1-mm_percpu_wq                                                                                               
     18 root      20   0       0      0      0 S   0.0   0.0   0:00.00 cpuhp/0                                                                                                                
     19 root      20   0       0      0      0 S   0.0   0.0   0:00.00 kdevtmpfs                                                                                                              
     20 root       0 -20       0      0      0 I   0.0   0.0   0:00.00 inet_frag_wq                                                                                                           
     21 root      20   0       0      0      0 S   0.0   0.0   0:00.00 kauditd                                                                                                                
     22 root      20   0       0      0      0 S   0.0   0.0   0:00.00 khungtaskd                                                                                                             
     23 root      20   0       0      0      0 I   0.0   0.0   0:00.04 kworker/u30:1-events_unbound                                                                                           
     24 root      20   0       0      0      0 S   0.0   0.0   0:00.00 oom_reaper                                                                                                             
     25 root       0 -20       0      0      0 I   0.0   0.0   0:00.00 writeback                                                                                                              
     26 root      20   0       0      0      0 I   0.0   0.0   0:00.04 kworker/u30:2-events_power_efficient                                                                                   
ubuntu@ip-172-31-94-40:~$ telnet guvi.com 9000
Trying 104.21.79.166...
^C
ubuntu@ip-172-31-94-40:~$ freem -m
Command 'freem' not found, did you mean:
  command 'freedm' from deb freedm (0.12.1-2)
  command 'free' from deb procps (2:3.3.17-6ubuntu2)
Try: sudo apt install <deb name>
ubuntu@ip-172-31-94-40:~$ free -m
               total        used        free      shared  buff/cache   available
Mem:             965         209         368           0         387         614
Swap:              0           0           0
ubuntu@ip-172-31-94-40:~$ telnet guvi.in 9000
Trying 104.26.4.88...
^C
ubuntu@ip-172-31-94-40:~$ 
